// Jest Snapshot v1, https://goo.gl/fbAQLP

exports[`ProfileStatus component status from props should be in the state 1`] = `
<div
  className="wrapper"
>
  <div>
    <span
      onDoubleClick={[Function]}
    >
      no more crying in the rain
    </span>
  </div>
</div>
`;
